// Jest Snapshot v1, https://goo.gl/fbAQLP

exports[`withActiveMovieCard is rendered correctly 1`] = `<div />`;
